Info about weakly connected components:

Amount of vertices in a component : amount of components
4 : 1

Amount of edges in a component : amount of components
3 : 1

Total length of edges in a component : amount of components
3 : 1
