Info about weakly connected components:

Amount of vertices in a component : amount of components
1 : 346
2 : 563024
3 : 2
4 : 2058
5 : 22
6 : 378
7 : 12
8 : 106
9 : 14
10 : 50
11 : 4
12 : 30
13 : 6
14 : 12
16 : 2
17 : 2
18 : 4
20 : 9
22 : 2
25 : 2
26 : 2
28 : 2
30 : 2
32 : 1
36 : 1
47 : 2
69 : 2
7600 : 1

Amount of edges in a component : amount of components
1 : 563080
2 : 286
3 : 1836
4 : 240
5 : 332
6 : 52
7 : 72
8 : 48
9 : 40
10 : 24
11 : 18
12 : 13
13 : 6
14 : 2
15 : 10
16 : 5
17 : 2
18 : 4
19 : 6
20 : 2
21 : 2
24 : 2
25 : 2
26 : 1
27 : 2
31 : 2
35 : 2
38 : 2
51 : 2
74 : 2
8152 : 1

Total length of edges in a component : amount of components
35 : 10
36 : 878
37 : 962
38 : 978
39 : 856
40 : 808
41 : 876
42 : 924
43 : 954
44 : 926
45 : 948
46 : 1246
47 : 1236
48 : 1240
49 : 1084
50 : 796
51 : 704
52 : 548
53 : 602
54 : 556
55 : 518
56 : 538
57 : 580
58 : 522
59 : 480
60 : 504
61 : 474
62 : 488
63 : 470
64 : 494
65 : 544
66 : 502
67 : 946
68 : 512
69 : 596
70 : 544
71 : 584
72 : 680
73 : 590
74 : 608
75 : 634
76 : 634
77 : 578
78 : 704
79 : 800
80 : 866
81 : 982
82 : 1352
83 : 1844
84 : 2808
85 : 4554
86 : 34628
87 : 24266
88 : 8490
89 : 5128
90 : 4150
91 : 3478
92 : 2128
93 : 2640
94 : 2494
95 : 2216
96 : 2446
97 : 2448
98 : 2602
99 : 3176
100 : 6260
101 : 152802
102 : 1572
103 : 1734
104 : 1660
105 : 1614
106 : 1708
107 : 1590
108 : 1638
109 : 1720
110 : 1744
111 : 1960
112 : 2014
113 : 1960
114 : 2032
115 : 2176
116 : 2258
117 : 2338
118 : 2434
119 : 2424
120 : 2380
121 : 2694
122 : 2672
123 : 2742
124 : 2722
125 : 2812
126 : 2892
127 : 2928
128 : 2878
129 : 2972
130 : 3072
131 : 3074
132 : 2898
133 : 3052
134 : 3088
135 : 3250
136 : 3174
137 : 3294
138 : 2996
139 : 3122
140 : 3032
141 : 3094
142 : 3188
143 : 3190
144 : 3042
145 : 3086
146 : 3018
147 : 2936
148 : 2908
149 : 2876
150 : 2920
151 : 2612
152 : 2788
153 : 2812
154 : 2756
155 : 2222
156 : 1410
157 : 1012
158 : 1006
159 : 962
160 : 1086
161 : 1034
162 : 924
163 : 952
164 : 926
165 : 940
166 : 904
167 : 882
168 : 938
169 : 942
170 : 792
171 : 764
172 : 840
173 : 862
174 : 778
175 : 892
176 : 788
177 : 776
178 : 760
179 : 824
180 : 762
181 : 702
182 : 706
183 : 796
184 : 750
185 : 710
186 : 772
187 : 672
188 : 730
189 : 686
190 : 704
191 : 662
192 : 646
193 : 684
194 : 674
195 : 628
196 : 674
197 : 596
198 : 610
199 : 654
200 : 620
201 : 606
202 : 560
203 : 564
204 : 582
205 : 612
206 : 562
207 : 564
208 : 522
209 : 526
210 : 508
211 : 518
212 : 542
213 : 518
214 : 510
215 : 502
216 : 526
217 : 540
218 : 506
219 : 476
220 : 396
221 : 448
222 : 476
223 : 398
224 : 460
225 : 408
226 : 450
227 : 406
228 : 382
229 : 364
230 : 382
231 : 380
232 : 358
233 : 382
234 : 352
235 : 406
236 : 426
237 : 360
238 : 392
239 : 370
240 : 342
241 : 368
242 : 380
243 : 350
244 : 324
245 : 336
246 : 282
247 : 288
248 : 314
249 : 332
250 : 362
251 : 322
252 : 300
253 : 294
254 : 254
255 : 302
256 : 272
257 : 290
258 : 254
259 : 304
260 : 262
261 : 282
262 : 248
263 : 244
264 : 254
265 : 212
266 : 310
267 : 290
268 : 278
269 : 292
270 : 248
271 : 276
272 : 230
273 : 256
274 : 256
275 : 242
276 : 278
277 : 260
278 : 240
279 : 230
280 : 212
281 : 276
282 : 242
283 : 236
284 : 226
285 : 262
286 : 250
287 : 202
288 : 238
289 : 238
290 : 212
291 : 252
292 : 176
293 : 232
294 : 214
295 : 230
296 : 214
297 : 198
298 : 204
299 : 224
300 : 228
301 : 190
302 : 162
303 : 236
304 : 174
305 : 186
306 : 174
307 : 238
308 : 182
309 : 180
310 : 168
311 : 200
312 : 180
313 : 184
314 : 140
315 : 204
316 : 154
317 : 184
318 : 168
319 : 154
320 : 178
321 : 176
322 : 172
323 : 160
324 : 192
325 : 164
326 : 144
327 : 156
328 : 156
329 : 162
330 : 174
331 : 178
332 : 144
333 : 144
334 : 156
335 : 156
336 : 146
337 : 134
338 : 142
339 : 134
340 : 140
341 : 160
342 : 160
343 : 146
344 : 152
345 : 108
346 : 128
347 : 150
348 : 128
349 : 152
350 : 120
351 : 110
352 : 120
353 : 162
354 : 150
355 : 126
356 : 126
357 : 100
358 : 130
359 : 130
360 : 110
361 : 116
362 : 122
363 : 184
364 : 128
365 : 130
366 : 118
367 : 104
368 : 126
369 : 128
370 : 142
371 : 122
372 : 140
373 : 118
374 : 108
375 : 130
376 : 112
377 : 120
378 : 106
379 : 88
380 : 108
381 : 98
382 : 128
383 : 106
384 : 122
385 : 108
386 : 114
387 : 116
388 : 106
389 : 94
390 : 108
391 : 112
392 : 132
393 : 72
394 : 110
395 : 124
396 : 90
397 : 80
398 : 90
399 : 82
400 : 128
401 : 90
402 : 120
403 : 100
404 : 90
405 : 94
406 : 104
407 : 90
408 : 82
409 : 76
410 : 84
411 : 94
412 : 89
413 : 74
414 : 98
415 : 88
416 : 76
417 : 128
418 : 84
419 : 98
420 : 88
421 : 108
422 : 102
423 : 102
424 : 82
425 : 88
426 : 84
427 : 76
428 : 81
429 : 84
430 : 70
431 : 86
432 : 56
433 : 80
434 : 60
435 : 72
436 : 94
437 : 78
438 : 78
439 : 84
440 : 90
441 : 86
442 : 60
443 : 64
444 : 86
445 : 80
446 : 89
447 : 72
448 : 84
449 : 90
450 : 70
451 : 82
452 : 84
453 : 62
454 : 94
455 : 90
456 : 62
457 : 62
458 : 80
459 : 84
460 : 72
461 : 76
462 : 62
463 : 88
464 : 90
465 : 88
466 : 75
467 : 66
468 : 74
469 : 80
470 : 76
471 : 64
472 : 56
473 : 68
474 : 66
475 : 58
476 : 58
477 : 66
478 : 51
479 : 80
480 : 70
481 : 78
482 : 48
483 : 74
484 : 52
485 : 70
486 : 72
487 : 60
488 : 68
489 : 60
490 : 72
491 : 60
492 : 62
493 : 64
494 : 58
495 : 66
496 : 68
497 : 56
498 : 66
499 : 64
500 : 62
501 : 60
502 : 66
503 : 58
504 : 64
505 : 64
506 : 60
507 : 48
508 : 46
509 : 44
510 : 52
511 : 58
512 : 58
513 : 54
514 : 76
515 : 68
516 : 48
517 : 48
518 : 48
519 : 66
520 : 84
521 : 60
522 : 62
523 : 64
524 : 58
525 : 80
526 : 62
527 : 48
528 : 50
529 : 58
530 : 58
531 : 46
532 : 58
533 : 44
534 : 76
535 : 42
536 : 67
537 : 58
538 : 41
539 : 56
540 : 42
541 : 58
542 : 74
543 : 66
544 : 48
545 : 38
546 : 66
547 : 46
548 : 64
549 : 50
550 : 58
551 : 62
552 : 50
553 : 42
554 : 50
555 : 46
556 : 62
557 : 36
558 : 66
559 : 70
560 : 48
561 : 30
562 : 40
563 : 38
564 : 36
565 : 38
566 : 42
567 : 72
568 : 56
569 : 50
570 : 60
571 : 46
572 : 64
573 : 36
574 : 42
575 : 62
576 : 48
577 : 42
578 : 50
579 : 44
580 : 62
581 : 52
582 : 44
583 : 58
584 : 50
585 : 46
586 : 38
587 : 52
588 : 40
589 : 46
590 : 36
591 : 42
592 : 52
593 : 38
594 : 36
595 : 38
596 : 36
597 : 34
598 : 18
599 : 54
600 : 46
601 : 38
602 : 48
603 : 40
604 : 42
605 : 40
606 : 36
607 : 50
608 : 42
609 : 50
610 : 42
611 : 44
612 : 21
613 : 40
614 : 40
615 : 36
616 : 38
617 : 32
618 : 20
619 : 38
620 : 46
621 : 36
622 : 35
623 : 42
624 : 50
625 : 40
626 : 36
627 : 40
628 : 46
629 : 32
630 : 42
631 : 40
632 : 30
633 : 34
634 : 30
635 : 40
636 : 28
637 : 52
638 : 30
639 : 36
640 : 52
641 : 38
642 : 24
643 : 38
644 : 42
645 : 54
646 : 44
647 : 38
648 : 32
649 : 30
650 : 40
651 : 36
652 : 38
653 : 30
654 : 32
655 : 46
656 : 44
657 : 30
658 : 26
659 : 34
660 : 40
661 : 32
662 : 44
663 : 38
664 : 30
665 : 44
666 : 42
667 : 26
668 : 32
669 : 42
670 : 36
671 : 36
672 : 42
673 : 32
674 : 20
675 : 48
676 : 36
677 : 40
678 : 44
679 : 40
680 : 26
681 : 30
682 : 26
683 : 36
684 : 44
685 : 26
686 : 20
687 : 28
688 : 40
689 : 28
690 : 38
691 : 28
692 : 18
693 : 24
694 : 30
695 : 46
696 : 28
697 : 22
698 : 32
699 : 32
700 : 34
701 : 32
702 : 32
703 : 28
704 : 30
705 : 34
706 : 43
707 : 26
708 : 38
709 : 16
710 : 38
711 : 18
712 : 30
713 : 18
714 : 36
715 : 28
716 : 42
717 : 34
718 : 40
719 : 38
720 : 38
721 : 32
722 : 38
723 : 24
724 : 32
725 : 36
726 : 44
727 : 36
728 : 14
729 : 38
730 : 28
731 : 28
732 : 22
733 : 26
734 : 34
735 : 26
736 : 22
737 : 30
738 : 40
739 : 24
740 : 34
741 : 38
742 : 20
743 : 26
744 : 21
745 : 16
746 : 30
747 : 34
748 : 18
749 : 16
750 : 19
751 : 40
752 : 20
753 : 32
754 : 20
755 : 38
756 : 34
757 : 18
758 : 30
759 : 16
760 : 18
761 : 40
762 : 24
763 : 26
764 : 26
765 : 22
766 : 12
767 : 10
768 : 24
769 : 32
770 : 36
771 : 22
772 : 21
773 : 24
774 : 24
775 : 36
776 : 31
777 : 30
778 : 20
779 : 18
780 : 28
781 : 18
782 : 52
783 : 36
784 : 24
785 : 40
786 : 28
787 : 28
788 : 33
789 : 24
790 : 20
791 : 18
792 : 36
793 : 28
794 : 32
795 : 20
796 : 22
797 : 18
798 : 20
799 : 16
800 : 30
801 : 12
802 : 18
803 : 20
804 : 18
805 : 14
806 : 16
807 : 18
808 : 26
809 : 30
810 : 28
811 : 16
812 : 26
813 : 16
814 : 28
815 : 42
816 : 18
817 : 22
818 : 26
819 : 22
820 : 30
821 : 22
822 : 32
823 : 14
824 : 22
825 : 22
826 : 20
827 : 14
828 : 20
829 : 32
830 : 36
831 : 24
832 : 28
833 : 28
834 : 8
835 : 24
836 : 14
837 : 16
838 : 8
839 : 32
840 : 30
841 : 10
842 : 26
843 : 22
844 : 36
845 : 14
846 : 22
847 : 26
848 : 20
849 : 8
850 : 26
851 : 16
852 : 20
853 : 18
854 : 18
855 : 28
856 : 28
857 : 16
858 : 20
859 : 12
860 : 12
861 : 26
862 : 28
863 : 20
864 : 14
865 : 24
866 : 26
867 : 22
868 : 24
869 : 24
870 : 23
871 : 10
872 : 28
873 : 30
874 : 16
875 : 12
876 : 24
877 : 14
878 : 14
879 : 24
880 : 24
881 : 16
882 : 21
883 : 20
884 : 20
885 : 22
886 : 18
887 : 10
888 : 10
889 : 26
890 : 14
891 : 36
892 : 14
893 : 20
894 : 14
895 : 18
896 : 10
897 : 24
898 : 16
899 : 26
900 : 10
901 : 10
902 : 30
903 : 12
904 : 24
905 : 22
906 : 30
907 : 18
908 : 6
909 : 8
910 : 12
911 : 26
912 : 16
913 : 16
914 : 28
915 : 22
916 : 20
917 : 30
918 : 18
919 : 16
920 : 18
921 : 28
922 : 14
923 : 10
924 : 16
925 : 16
926 : 18
927 : 16
928 : 22
929 : 10
930 : 22
931 : 16
932 : 12
933 : 16
934 : 16
935 : 10
936 : 12
937 : 20
938 : 20
939 : 14
940 : 26
941 : 20
942 : 22
943 : 22
944 : 16
945 : 18
946 : 14
947 : 24
948 : 12
949 : 22
950 : 14
951 : 28
952 : 22
953 : 16
954 : 24
955 : 14
956 : 14
957 : 18
958 : 6
959 : 20
960 : 20
961 : 16
962 : 14
963 : 16
964 : 13
965 : 14
966 : 18
967 : 16
968 : 8
969 : 10
970 : 18
971 : 14
972 : 12
973 : 22
974 : 2
975 : 18
976 : 22
977 : 10
978 : 6
979 : 10
980 : 24
981 : 20
982 : 16
983 : 14
984 : 34
985 : 20
986 : 16
987 : 12
988 : 20
989 : 28
990 : 20
991 : 16
992 : 10
993 : 20
994 : 12
995 : 10
996 : 22
997 : 16
998 : 32
999 : 22
1000 : 14
1001 : 22
1002 : 16
1003 : 14
1004 : 20
1005 : 22
1006 : 28
1007 : 20
1008 : 16
1009 : 14
1010 : 22
1011 : 12
1012 : 14
1013 : 10
1014 : 14
1015 : 18
1016 : 10
1017 : 16
1018 : 18
1019 : 20
1020 : 24
1021 : 22
1022 : 16
1023 : 14
1024 : 4
1025 : 8
1026 : 14
1027 : 18
1028 : 20
1029 : 20
1030 : 22
1031 : 16
1032 : 22
1033 : 14
1034 : 22
1035 : 6
1036 : 20
1037 : 10
1038 : 10
1039 : 16
1040 : 10
1041 : 20
1042 : 16
1043 : 20
1044 : 16
1045 : 6
1046 : 8
1047 : 14
1048 : 20
1049 : 18
1050 : 10
1051 : 6
1052 : 8
1053 : 12
1054 : 2
1055 : 12
1056 : 22
1057 : 14
1058 : 14
1059 : 22
1060 : 6
1061 : 10
1062 : 22
1063 : 10
1064 : 22
1065 : 12
1066 : 14
1067 : 16
1068 : 12
1069 : 6
1070 : 22
1071 : 12
1072 : 24
1073 : 16
1074 : 14
1075 : 12
1076 : 10
1077 : 12
1078 : 18
1079 : 10
1080 : 8
1081 : 18
1082 : 11
1083 : 10
1084 : 12
1085 : 16
1086 : 14
1087 : 14
1088 : 13
1089 : 10
1090 : 18
1091 : 10
1092 : 16
1093 : 20
1094 : 15
1095 : 14
1096 : 14
1097 : 8
1098 : 6
1099 : 12
1100 : 14
1101 : 12
1102 : 10
1103 : 20
1104 : 16
1105 : 14
1106 : 12
1107 : 6
1108 : 18
1109 : 12
1110 : 18
1111 : 12
1112 : 6
1113 : 14
1114 : 8
1115 : 6
1116 : 16
1117 : 14
1118 : 10
1119 : 8
1120 : 2
1121 : 12
1122 : 14
1123 : 22
1124 : 10
1125 : 10
1126 : 10
1127 : 24
1128 : 12
1129 : 20
1130 : 14
1131 : 12
1132 : 12
1133 : 22
1134 : 8
1135 : 16
1136 : 14
1137 : 10
1138 : 12
1139 : 12
1140 : 6
1141 : 12
1142 : 14
1143 : 18
1144 : 10
1145 : 14
1146 : 26
1147 : 12
1148 : 14
1149 : 12
1150 : 8
1151 : 8
1152 : 10
1153 : 8
1154 : 10
1155 : 10
1156 : 12
1157 : 14
1158 : 10
1159 : 14
1160 : 8
1161 : 12
1162 : 16
1163 : 14
1164 : 12
1165 : 12
1166 : 16
1167 : 12
1168 : 14
1169 : 8
1170 : 9
1171 : 12
1172 : 14
1173 : 16
1174 : 12
1175 : 2
1176 : 10
1177 : 8
1178 : 4
1179 : 6
1180 : 8
1181 : 8
1182 : 8
1183 : 12
1184 : 10
1185 : 6
1186 : 14
1187 : 8
1188 : 20
1189 : 10
1190 : 16
1191 : 10
1192 : 14
1193 : 18
1194 : 16
1195 : 8
1196 : 12
1197 : 12
1198 : 16
1199 : 12
1200 : 8
1201 : 14
1202 : 22
1203 : 14
1204 : 18
1206 : 18
1207 : 18
1208 : 10
1209 : 18
1210 : 12
1211 : 12
1212 : 14
1213 : 12
1214 : 4
1215 : 6
1216 : 12
1217 : 16
1218 : 8
1219 : 4
1220 : 10
1221 : 10
1222 : 9
1223 : 4
1224 : 14
1225 : 18
1226 : 18
1227 : 10
1228 : 13
1229 : 12
1230 : 12
1231 : 10
1232 : 12
1233 : 10
1234 : 18
1235 : 6
1236 : 6
1237 : 6
1238 : 22
1239 : 12
1240 : 6
1241 : 12
1242 : 6
1243 : 8
1244 : 14
1245 : 6
1246 : 12
1247 : 6
1248 : 4
1249 : 10
1250 : 12
1251 : 14
1252 : 16
1253 : 12
1254 : 10
1255 : 14
1256 : 10
1257 : 6
1258 : 8
1259 : 8
1260 : 12
1261 : 12
1262 : 12
1263 : 6
1264 : 10
1265 : 18
1266 : 14
1267 : 10
1268 : 12
1269 : 12
1270 : 8
1271 : 8
1272 : 6
1273 : 16
1274 : 12
1275 : 22
1276 : 6
1277 : 8
1278 : 12
1279 : 6
1280 : 13
1281 : 12
1282 : 8
1283 : 8
1284 : 10
1285 : 20
1286 : 8
1287 : 6
1288 : 16
1289 : 12
1290 : 10
1291 : 8
1292 : 18
1293 : 10
1294 : 14
1295 : 10
1296 : 10
1297 : 8
1298 : 10
1299 : 8
1300 : 10
1301 : 4
1302 : 4
1303 : 8
1304 : 12
1305 : 12
1306 : 14
1307 : 12
1308 : 6
1309 : 10
1310 : 12
1311 : 14
1312 : 22
1313 : 4
1314 : 8
1315 : 24
1316 : 13
1317 : 8
1318 : 10
1319 : 14
1320 : 10
1321 : 6
1322 : 2
1323 : 2
1324 : 12
1325 : 12
1326 : 8
1327 : 4
1328 : 16
1329 : 6
1330 : 10
1331 : 2
1332 : 12
1333 : 2
1334 : 2
1335 : 4
1336 : 14
1337 : 12
1338 : 10
1339 : 4
1340 : 14
1341 : 16
1342 : 6
1343 : 6
1344 : 16
1345 : 10
1346 : 8
1347 : 8
1348 : 10
1349 : 8
1350 : 10
1351 : 6
1352 : 6
1353 : 12
1354 : 10
1355 : 12
1356 : 10
1357 : 4
1358 : 10
1359 : 2
1360 : 13
1361 : 8
1362 : 8
1363 : 8
1364 : 4
1365 : 14
1366 : 12
1367 : 4
1368 : 12
1369 : 18
1370 : 12
1371 : 10
1372 : 8
1373 : 18
1374 : 18
1375 : 14
1376 : 10
1377 : 12
1378 : 14
1379 : 18
1380 : 10
1381 : 10
1382 : 10
1383 : 24
1384 : 4
1385 : 8
1386 : 2
1387 : 6
1388 : 12
1389 : 10
1390 : 6
1391 : 8
1392 : 4
1393 : 12
1394 : 10
1395 : 12
1396 : 10
1397 : 8
1398 : 4
1399 : 6
1400 : 2
1401 : 12
1402 : 14
1403 : 16
1404 : 6
1405 : 8
1406 : 10
1407 : 10
1408 : 8
1409 : 6
1410 : 6
1411 : 24
1412 : 6
1413 : 12
1414 : 14
1415 : 8
1416 : 9
1417 : 8
1418 : 4
1419 : 8
1420 : 8
1421 : 8
1422 : 4
1423 : 6
1424 : 4
1426 : 18
1427 : 10
1428 : 8
1429 : 12
1430 : 12
1431 : 10
1432 : 10
1433 : 4
1434 : 4
1435 : 12
1436 : 16
1437 : 14
1438 : 6
1439 : 6
1440 : 12
1441 : 10
1442 : 6
1443 : 8
1444 : 9
1445 : 4
1446 : 1
1447 : 2
1448 : 6
1449 : 8
1450 : 10
1451 : 16
1452 : 12
1453 : 16
1454 : 12
1455 : 8
1456 : 8
1457 : 8
1458 : 12
1459 : 10
1460 : 8
1461 : 6
1462 : 10
1463 : 8
1464 : 12
1465 : 12
1466 : 10
1467 : 12
1468 : 12
1469 : 6
1470 : 10
1471 : 6
1472 : 10
1473 : 12
1474 : 6
1475 : 8
1476 : 8
1477 : 6
1478 : 6
1479 : 8
1480 : 4
1481 : 8
1482 : 12
1483 : 18
1484 : 6
1485 : 4
1486 : 10
1487 : 8
1488 : 2
1489 : 14
1490 : 12
1491 : 10
1492 : 8
1493 : 8
1494 : 16
1495 : 8
1496 : 4
1497 : 10
1498 : 12
1499 : 14
1500 : 18
1501 : 12
1502 : 4
1503 : 8
1504 : 10
1505 : 8
1506 : 4
1508 : 10
1509 : 8
1510 : 4
1511 : 12
1512 : 8
1513 : 6
1514 : 8
1515 : 16
1516 : 6
1517 : 12
1518 : 8
1519 : 10
1520 : 8
1521 : 4
1522 : 12
1523 : 2
1524 : 12
1525 : 10
1526 : 4
1527 : 14
1528 : 4
1529 : 4
1530 : 8
1531 : 10
1532 : 11
1533 : 8
1534 : 14
1535 : 4
1536 : 8
1537 : 6
1538 : 14
1539 : 4
1540 : 6
1541 : 10
1542 : 10
1543 : 12
1544 : 10
1545 : 14
1546 : 4
1547 : 10
1548 : 6
1549 : 4
1550 : 6
1551 : 14
1552 : 12
1553 : 8
1554 : 4
1555 : 14
1556 : 4
1557 : 12
1559 : 8
1560 : 6
1561 : 10
1562 : 12
1563 : 8
1564 : 10
1565 : 8
1566 : 8
1567 : 4
1568 : 4
1569 : 4
1570 : 2
1571 : 4
1572 : 8
1573 : 8
1574 : 4
1575 : 12
1576 : 12
1577 : 6
1578 : 8
1579 : 4
1581 : 10
1582 : 2
1583 : 10
1584 : 14
1585 : 4
1586 : 4
1588 : 8
1589 : 10
1590 : 14
1591 : 10
1592 : 12
1593 : 4
1594 : 8
1595 : 4
1596 : 4
1597 : 12
1598 : 8
1599 : 2
1600 : 2
1601 : 10
1602 : 10
1603 : 2
1604 : 10
1605 : 16
1606 : 10
1607 : 10
1608 : 10
1609 : 10
1610 : 4
1611 : 6
1612 : 4
1613 : 8
1614 : 2
1615 : 4
1616 : 4
1617 : 10
1618 : 10
1619 : 14
1621 : 8
1622 : 8
1623 : 8
1624 : 2
1625 : 6
1626 : 2
1627 : 4
1628 : 4
1629 : 10
1630 : 10
1631 : 8
1632 : 12
1633 : 4
1635 : 6
1636 : 4
1637 : 6
1638 : 8
1639 : 8
1640 : 12
1641 : 6
1642 : 8
1643 : 8
1644 : 4
1645 : 10
1646 : 8
1647 : 6
1649 : 2
1650 : 6
1651 : 4
1652 : 4
1653 : 10
1654 : 8
1657 : 14
1658 : 14
1659 : 4
1660 : 10
1661 : 2
1662 : 8
1663 : 4
1664 : 4
1665 : 10
1666 : 4
1667 : 10
1668 : 5
1669 : 12
1670 : 12
1671 : 8
1672 : 4
1673 : 6
1674 : 6
1675 : 8
1676 : 2
1677 : 6
1678 : 4
1679 : 4
1680 : 10
1681 : 10
1682 : 14
1683 : 8
1684 : 4
1685 : 4
1686 : 14
1687 : 8
1689 : 12
1690 : 14
1691 : 6
1692 : 3
1693 : 4
1694 : 6
1695 : 8
1696 : 10
1697 : 10
1698 : 10
1699 : 10
1700 : 2
1701 : 10
1702 : 18
1703 : 10
1704 : 6
1705 : 10
1706 : 8
1707 : 10
1708 : 4
1710 : 2
1711 : 6
1712 : 4
1713 : 10
1714 : 6
1715 : 6
1716 : 4
1717 : 10
1718 : 6
1719 : 6
1720 : 2
1721 : 12
1722 : 2
1723 : 6
1724 : 4
1725 : 8
1726 : 2
1727 : 6
1728 : 10
1729 : 6
1730 : 10
1731 : 2
1732 : 8
1733 : 6
1734 : 4
1735 : 8
1736 : 8
1737 : 14
1738 : 2
1739 : 16
1740 : 6
1741 : 14
1742 : 2
1743 : 2
1744 : 4
1745 : 10
1746 : 10
1747 : 6
1748 : 6
1749 : 10
1750 : 2
1751 : 6
1752 : 2
1753 : 4
1754 : 4
1755 : 8
1756 : 4
1757 : 2
1758 : 8
1759 : 10
1760 : 8
1761 : 10
1762 : 6
1763 : 12
1764 : 8
1765 : 4
1766 : 2
1767 : 6
1768 : 6
1769 : 2
1770 : 14
1771 : 6
1772 : 2
1773 : 2
1774 : 4
1775 : 2
1776 : 6
1777 : 8
1778 : 4
1779 : 4
1780 : 8
1781 : 10
1782 : 6
1783 : 6
1784 : 4
1785 : 10
1786 : 4
1787 : 2
1788 : 8
1789 : 6
1790 : 6
1791 : 6
1792 : 8
1793 : 6
1794 : 10
1795 : 2
1796 : 6
1797 : 2
1798 : 6
1799 : 8
1800 : 2
1801 : 6
1802 : 10
1804 : 12
1806 : 6
1807 : 10
1808 : 8
1809 : 4
1810 : 14
1811 : 2
1812 : 2
1813 : 10
1814 : 4
1815 : 6
1816 : 6
1817 : 10
1818 : 10
1819 : 6
1820 : 4
1822 : 2
1823 : 12
1824 : 8
1825 : 2
1826 : 4
1827 : 4
1828 : 4
1829 : 6
1830 : 6
1831 : 14
1832 : 2
1833 : 4
1834 : 6
1835 : 4
1836 : 4
1837 : 4
1838 : 10
1839 : 10
1840 : 6
1841 : 10
1842 : 8
1844 : 6
1847 : 8
1848 : 2
1849 : 4
1850 : 2
1851 : 4
1852 : 4
1853 : 8
1854 : 4
1855 : 4
1856 : 8
1857 : 4
1858 : 5
1859 : 10
1860 : 4
1861 : 12
1862 : 10
1863 : 10
1864 : 12
1865 : 8
1866 : 12
1867 : 14
1868 : 6
1869 : 8
1870 : 8
1871 : 6
1872 : 8
1873 : 10
1874 : 8
1875 : 6
1876 : 12
1877 : 2
1878 : 2
1879 : 8
1880 : 2
1881 : 2
1882 : 4
1883 : 4
1884 : 6
1885 : 8
1886 : 4
1887 : 2
1888 : 2
1889 : 6
1890 : 4
1891 : 8
1892 : 2
1893 : 8
1894 : 2
1895 : 2
1896 : 2
1897 : 8
1898 : 7
1899 : 10
1900 : 2
1901 : 4
1902 : 6
1903 : 4
1904 : 8
1905 : 12
1906 : 2
1907 : 8
1908 : 8
1909 : 6
1910 : 8
1911 : 6
1912 : 2
1913 : 8
1915 : 6
1916 : 6
1917 : 8
1918 : 10
1919 : 2
1920 : 6
1922 : 4
1923 : 6
1924 : 10
1925 : 8
1926 : 6
1927 : 4
1928 : 8
1929 : 2
1930 : 2
1931 : 4
1932 : 6
1933 : 8
1934 : 8
1935 : 12
1936 : 4
1937 : 4
1938 : 2
1939 : 4
1940 : 8
1941 : 4
1942 : 6
1943 : 8
1944 : 8
1945 : 10
1946 : 4
1947 : 6
1948 : 8
1949 : 8
1950 : 2
1951 : 4
1952 : 8
1953 : 12
1954 : 6
1955 : 2
1956 : 1
1957 : 8
1958 : 12
1959 : 2
1960 : 4
1961 : 8
1962 : 2
1963 : 4
1964 : 8
1965 : 4
1967 : 2
1968 : 4
1969 : 16
1970 : 2
1971 : 4
1972 : 8
1973 : 6
1974 : 6
1975 : 6
1976 : 2
1977 : 6
1978 : 2
1979 : 2
1980 : 4
1981 : 6
1982 : 8
1983 : 6
1984 : 4
1986 : 4
1987 : 4
1988 : 8
1989 : 6
1990 : 4
1991 : 8
1992 : 5
1993 : 16
1994 : 4
1995 : 6
1996 : 2
1997 : 4
1998 : 4
1999 : 6
2000 : 2
2001 : 4
2002 : 10
2003 : 6
2004 : 4
2005 : 10
2006 : 4
2008 : 8
2009 : 6
2010 : 4
2011 : 6
2012 : 6
2013 : 2
2014 : 2
2015 : 8
2016 : 2
2017 : 2
2018 : 4
2019 : 4
2020 : 2
2021 : 6
2022 : 6
2023 : 4
2024 : 7
2025 : 2
2026 : 4
2027 : 6
2028 : 2
2029 : 4
2030 : 7
2032 : 2
2033 : 4
2034 : 2
2035 : 2
2036 : 6
2037 : 2
2038 : 4
2039 : 8
2040 : 12
2041 : 8
2042 : 7
2043 : 4
2044 : 4
2045 : 4
2046 : 8
2047 : 4
2048 : 4
2049 : 4
2050 : 2
2051 : 4
2052 : 2
2053 : 6
2054 : 2
2055 : 4
2057 : 8
2058 : 8
2060 : 4
2061 : 6
2062 : 6
2063 : 2
2064 : 10
2065 : 2
2066 : 6
2067 : 2
2068 : 4
2069 : 4
2070 : 6
2071 : 2
2072 : 2
2073 : 8
2074 : 2
2076 : 4
2077 : 6
2078 : 4
2079 : 4
2080 : 8
2081 : 8
2082 : 2
2083 : 2
2084 : 8
2085 : 6
2086 : 2
2087 : 4
2088 : 2
2089 : 2
2090 : 4
2091 : 8
2092 : 8
2093 : 6
2094 : 6
2095 : 6
2096 : 6
2098 : 4
2099 : 4
2100 : 4
2101 : 4
2102 : 2
2104 : 4
2105 : 2
2106 : 6
2107 : 2
2108 : 6
2109 : 6
2110 : 4
2111 : 14
2112 : 2
2113 : 6
2114 : 2
2115 : 4
2116 : 6
2117 : 2
2118 : 2
2119 : 4
2120 : 2
2121 : 2
2122 : 2
2123 : 2
2124 : 6
2125 : 10
2126 : 8
2128 : 6
2130 : 2
2131 : 4
2132 : 4
2133 : 8
2134 : 2
2135 : 8
2136 : 6
2138 : 6
2139 : 4
2140 : 4
2141 : 6
2142 : 8
2143 : 4
2144 : 6
2145 : 2
2146 : 8
2147 : 6
2148 : 4
2149 : 6
2150 : 4
2152 : 4
2153 : 6
2154 : 10
2155 : 10
2156 : 4
2157 : 2
2158 : 6
2159 : 4
2160 : 2
2161 : 6
2162 : 2
2163 : 4
2164 : 4
2165 : 4
2166 : 4
2167 : 8
2168 : 4
2169 : 6
2170 : 4
2171 : 8
2172 : 6
2173 : 14
2174 : 2
2176 : 4
2177 : 2
2178 : 4
2179 : 2
2180 : 4
2181 : 2
2182 : 4
2183 : 6
2184 : 2
2186 : 4
2187 : 2
2188 : 4
2189 : 4
2190 : 4
2191 : 2
2192 : 4
2193 : 4
2194 : 8
2196 : 4
2197 : 2
2198 : 4
2200 : 16
2201 : 2
2202 : 2
2204 : 2
2205 : 2
2206 : 4
2207 : 6
2208 : 4
2209 : 2
2210 : 10
2211 : 6
2213 : 4
2214 : 6
2215 : 4
2216 : 2
2218 : 8
2219 : 10
2220 : 2
2221 : 6
2222 : 2
2223 : 4
2224 : 4
2225 : 8
2226 : 4
2227 : 2
2228 : 4
2230 : 4
2231 : 4
2232 : 4
2233 : 6
2236 : 6
2237 : 10
2238 : 6
2239 : 4
2240 : 4
2241 : 2
2242 : 6
2243 : 4
2244 : 10
2245 : 2
2246 : 6
2247 : 6
2248 : 4
2249 : 4
2250 : 2
2253 : 2
2254 : 2
2255 : 4
2256 : 2
2257 : 4
2258 : 6
2260 : 2
2261 : 10
2262 : 4
2263 : 2
2264 : 4
2265 : 6
2266 : 6
2267 : 4
2268 : 8
2269 : 4
2270 : 2
2271 : 4
2272 : 2
2274 : 2
2275 : 4
2276 : 4
2277 : 4
2278 : 4
2279 : 4
2280 : 2
2281 : 6
2283 : 2
2284 : 2
2286 : 8
2287 : 4
2288 : 4
2290 : 2
2292 : 2
2293 : 6
2294 : 8
2295 : 2
2296 : 6
2298 : 4
2299 : 6
2301 : 6
2302 : 2
2303 : 4
2304 : 4
2305 : 2
2307 : 2
2308 : 4
2309 : 2
2310 : 4
2311 : 10
2312 : 2
2313 : 4
2315 : 12
2316 : 4
2317 : 4
2318 : 8
2319 : 2
2320 : 10
2321 : 2
2322 : 4
2323 : 4
2324 : 6
2325 : 6
2326 : 2
2327 : 2
2328 : 6
2329 : 2
2330 : 10
2331 : 8
2332 : 2
2333 : 2
2334 : 4
2335 : 6
2337 : 2
2338 : 2
2339 : 4
2340 : 2
2341 : 4
2342 : 2
2343 : 4
2344 : 2
2345 : 12
2346 : 8
2348 : 10
2349 : 2
2350 : 1
2351 : 4
2352 : 2
2353 : 2
2354 : 2
2356 : 8
2357 : 6
2358 : 2
2359 : 4
2360 : 4
2361 : 4
2362 : 4
2363 : 2
2364 : 12
2365 : 8
2366 : 2
2367 : 4
2368 : 8
2369 : 2
2371 : 2
2372 : 6
2373 : 6
2374 : 6
2375 : 4
2377 : 6
2378 : 4
2379 : 4
2380 : 2
2381 : 6
2382 : 4
2385 : 4
2386 : 2
2388 : 4
2389 : 6
2390 : 2
2391 : 6
2392 : 6
2393 : 4
2396 : 4
2397 : 4
2398 : 2
2399 : 6
2402 : 2
2403 : 10
2404 : 4
2405 : 6
2406 : 2
2407 : 4
2410 : 5
2411 : 2
2412 : 8
2413 : 8
2414 : 10
2415 : 4
2417 : 2
2418 : 4
2419 : 4
2420 : 2
2421 : 4
2422 : 4
2423 : 8
2424 : 6
2425 : 4
2426 : 4
2427 : 8
2428 : 4
2429 : 2
2430 : 2
2431 : 2
2433 : 10
2434 : 4
2435 : 6
2436 : 6
2437 : 6
2440 : 2
2441 : 4
2442 : 4
2443 : 2
2444 : 2
2445 : 6
2446 : 2
2447 : 6
2448 : 2
2449 : 2
2450 : 2
2451 : 4
2452 : 2
2454 : 4
2455 : 2
2457 : 2
2458 : 2
2459 : 6
2460 : 2
2462 : 4
2463 : 4
2464 : 2
2466 : 2
2467 : 2
2468 : 2
2469 : 2
2470 : 2
2471 : 2
2472 : 2
2473 : 2
2474 : 8
2475 : 4
2476 : 4
2477 : 4
2478 : 2
2481 : 2
2482 : 2
2483 : 2
2484 : 2
2485 : 6
2487 : 2
2488 : 10
2489 : 2
2490 : 2
2491 : 4
2492 : 8
2494 : 8
2495 : 2
2496 : 6
2497 : 2
2499 : 8
2500 : 2
2501 : 4
2502 : 1
2504 : 2
2505 : 4
2506 : 4
2507 : 4
2508 : 4
2509 : 6
2512 : 2
2513 : 8
2514 : 6
2516 : 2
2518 : 12
2520 : 2
2521 : 6
2522 : 2
2525 : 2
2526 : 4
2527 : 6
2528 : 4
2529 : 6
2530 : 4
2531 : 2
2533 : 2
2534 : 4
2535 : 2
2536 : 2
2537 : 2
2539 : 8
2540 : 6
2541 : 2
2542 : 4
2543 : 4
2544 : 4
2545 : 4
2546 : 2
2547 : 8
2548 : 10
2550 : 4
2551 : 2
2552 : 2
2553 : 2
2554 : 2
2557 : 2
2558 : 2
2559 : 6
2560 : 4
2561 : 4
2564 : 4
2565 : 2
2566 : 2
2567 : 2
2568 : 2
2569 : 8
2570 : 10
2571 : 4
2572 : 8
2573 : 2
2574 : 4
2575 : 6
2576 : 2
2578 : 2
2580 : 2
2581 : 4
2582 : 3
2583 : 4
2584 : 4
2585 : 2
2586 : 2
2587 : 4
2588 : 4
2589 : 6
2590 : 2
2591 : 4
2594 : 2
2597 : 6
2598 : 2
2599 : 2
2600 : 2
2601 : 4
2602 : 4
2603 : 2
2604 : 4
2605 : 2
2606 : 8
2607 : 4
2608 : 4
2609 : 6
2610 : 6
2611 : 2
2612 : 2
2613 : 4
2615 : 4
2616 : 6
2619 : 6
2620 : 2
2621 : 4
2622 : 4
2623 : 4
2624 : 4
2625 : 4
2627 : 2
2628 : 2
2629 : 2
2631 : 4
2632 : 6
2634 : 2
2635 : 6
2636 : 4
2637 : 4
2638 : 2
2639 : 4
2640 : 4
2641 : 4
2642 : 8
2643 : 4
2645 : 4
2646 : 4
2648 : 2
2649 : 4
2651 : 6
2652 : 4
2653 : 2
2654 : 4
2655 : 6
2656 : 2
2660 : 2
2661 : 2
2662 : 4
2663 : 4
2666 : 6
2667 : 10
2668 : 4
2669 : 2
2670 : 3
2671 : 4
2672 : 4
2673 : 6
2676 : 4
2677 : 2
2678 : 4
2680 : 6
2681 : 2
2682 : 2
2684 : 4
2685 : 2
2686 : 2
2687 : 4
2688 : 2
2689 : 4
2691 : 4
2693 : 8
2694 : 6
2695 : 8
2698 : 2
2699 : 2
2700 : 2
2702 : 2
2703 : 2
2705 : 2
2707 : 4
2708 : 2
2709 : 2
2712 : 6
2714 : 4
2715 : 4
2716 : 4
2717 : 2
2718 : 8
2719 : 2
2720 : 2
2721 : 2
2723 : 2
2724 : 2
2725 : 4
2726 : 6
2730 : 4
2731 : 6
2732 : 4
2734 : 6
2735 : 2
2736 : 2
2737 : 2
2738 : 10
2739 : 2
2740 : 2
2741 : 8
2743 : 2
2744 : 4
2746 : 2
2747 : 2
2748 : 2
2749 : 2
2750 : 2
2751 : 6
2752 : 4
2754 : 2
2755 : 2
2756 : 2
2757 : 4
2758 : 6
2762 : 2
2764 : 2
2765 : 4
2767 : 2
2768 : 10
2769 : 2
2770 : 2
2771 : 6
2772 : 4
2773 : 2
2776 : 4
2778 : 2
2779 : 2
2780 : 2
2781 : 2
2782 : 4
2784 : 2
2786 : 6
2787 : 6
2788 : 4
2789 : 4
2790 : 2
2791 : 2
2792 : 2
2793 : 8
2796 : 4
2797 : 4
2798 : 2
2799 : 4
2802 : 2
2804 : 2
2805 : 4
2806 : 6
2808 : 2
2809 : 2
2811 : 4
2813 : 10
2814 : 2
2815 : 4
2816 : 2
2818 : 2
2819 : 2
2821 : 2
2822 : 6
2823 : 4
2824 : 4
2825 : 4
2826 : 4
2827 : 2
2828 : 4
2829 : 2
2831 : 2
2835 : 8
2836 : 2
2840 : 4
2841 : 10
2842 : 2
2843 : 2
2844 : 6
2845 : 2
2846 : 2
2848 : 4
2849 : 4
2850 : 4
2852 : 2
2855 : 4
2857 : 4
2858 : 4
2859 : 2
2860 : 2
2861 : 4
2862 : 2
2863 : 6
2864 : 2
2868 : 6
2869 : 2
2876 : 4
2877 : 2
2879 : 2
2880 : 2
2881 : 4
2882 : 2
2884 : 2
2885 : 8
2886 : 2
2889 : 6
2890 : 2
2892 : 2
2893 : 6
2894 : 2
2896 : 4
2897 : 4
2899 : 2
2901 : 4
2902 : 6
2903 : 2
2904 : 8
2907 : 2
2908 : 2
2909 : 4
2910 : 4
2913 : 4
2914 : 4
2915 : 2
2917 : 6
2918 : 2
2919 : 4
2920 : 2
2923 : 6
2924 : 2
2925 : 2
2926 : 4
2929 : 2
2930 : 6
2931 : 4
2932 : 2
2934 : 4
2937 : 6
2938 : 2
2939 : 4
2940 : 4
2942 : 2
2943 : 4
2944 : 4
2945 : 2
2946 : 8
2948 : 2
2949 : 2
2950 : 2
2952 : 6
2956 : 2
2958 : 5
2961 : 2
2963 : 2
2964 : 2
2965 : 4
2966 : 1
2967 : 2
2968 : 2
2969 : 2
2970 : 2
2971 : 6
2973 : 2
2974 : 8
2975 : 4
2976 : 4
2977 : 6
2978 : 4
2979 : 4
2980 : 4
2981 : 4
2985 : 2
2986 : 2
2987 : 2
2990 : 2
2991 : 2
2994 : 4
2995 : 2
2996 : 4
2998 : 2
2999 : 2
3003 : 4
3006 : 2
3009 : 8
3012 : 2
3017 : 8
3018 : 6
3021 : 2
3022 : 4
3024 : 2
3029 : 6
3030 : 2
3031 : 6
3032 : 4
3036 : 6
3038 : 2
3039 : 2
3040 : 4
3041 : 4
3046 : 4
3048 : 4
3050 : 6
3051 : 4
3053 : 4
3054 : 4
3055 : 2
3056 : 10
3057 : 2
3060 : 2
3062 : 2
3063 : 2
3064 : 8
3065 : 4
3068 : 8
3071 : 2
3072 : 4
3073 : 2
3074 : 6
3075 : 2
3076 : 6
3078 : 6
3079 : 6
3081 : 2
3082 : 2
3084 : 2
3085 : 2
3086 : 2
3087 : 2
3088 : 4
3089 : 2
3092 : 4
3095 : 4
3096 : 2
3097 : 4
3098 : 5
3100 : 2
3101 : 2
3102 : 2
3103 : 2
3104 : 2
3106 : 2
3107 : 2
3108 : 4
3109 : 4
3111 : 6
3112 : 4
3114 : 6
3116 : 4
3117 : 2
3121 : 2
3124 : 4
3126 : 4
3127 : 6
3128 : 2
3135 : 4
3137 : 2
3138 : 4
3139 : 4
3140 : 4
3141 : 2
3142 : 4
3143 : 4
3144 : 2
3149 : 2
3152 : 2
3153 : 4
3155 : 4
3156 : 6
3158 : 2
3159 : 2
3160 : 2
3161 : 2
3163 : 2
3164 : 2
3166 : 2
3169 : 4
3170 : 2
3172 : 4
3174 : 2
3175 : 2
3176 : 4
3177 : 2
3179 : 2
3180 : 2
3181 : 2
3182 : 2
3184 : 2
3186 : 2
3187 : 2
3191 : 4
3192 : 2
3193 : 2
3194 : 2
3197 : 2
3198 : 4
3199 : 2
3200 : 2
3201 : 2
3202 : 4
3203 : 6
3205 : 2
3206 : 4
3209 : 2
3210 : 6
3213 : 2
3214 : 2
3216 : 2
3217 : 2
3219 : 4
3220 : 2
3221 : 4
3222 : 2
3223 : 2
3224 : 4
3226 : 2
3227 : 4
3230 : 4
3232 : 4
3233 : 4
3236 : 2
3238 : 6
3239 : 2
3240 : 4
3241 : 4
3242 : 4
3248 : 4
3249 : 2
3250 : 2
3251 : 2
3254 : 2
3257 : 2
3261 : 2
3262 : 4
3264 : 4
3267 : 2
3269 : 2
3271 : 4
3272 : 4
3273 : 2
3275 : 4
3277 : 2
3279 : 2
3280 : 2
3282 : 2
3285 : 4
3286 : 4
3287 : 2
3288 : 4
3290 : 2
3292 : 2
3293 : 2
3294 : 4
3295 : 4
3296 : 4
3299 : 4
3300 : 2
3301 : 8
3302 : 4
3305 : 6
3306 : 2
3307 : 2
3308 : 2
3309 : 4
3310 : 2
3311 : 4
3312 : 2
3313 : 2
3314 : 4
3315 : 2
3317 : 2
3318 : 2
3319 : 2
3321 : 2
3322 : 2
3323 : 2
3324 : 2
3325 : 2
3326 : 2
3327 : 2
3332 : 4
3336 : 2
3338 : 2
3339 : 2
3342 : 2
3343 : 2
3344 : 2
3346 : 2
3347 : 2
3349 : 2
3350 : 4
3351 : 2
3352 : 2
3354 : 2
3357 : 2
3358 : 4
3360 : 2
3367 : 2
3368 : 4
3369 : 4
3370 : 4
3371 : 2
3372 : 4
3374 : 2
3375 : 4
3376 : 2
3378 : 4
3379 : 6
3380 : 2
3383 : 2
3384 : 4
3388 : 2
3390 : 4
3392 : 2
3394 : 6
3395 : 2
3396 : 2
3397 : 6
3399 : 2
3401 : 2
3402 : 2
3407 : 2
3410 : 2
3412 : 2
3416 : 2
3419 : 4
3421 : 4
3422 : 2
3423 : 2
3424 : 4
3427 : 2
3429 : 4
3430 : 4
3431 : 2
3435 : 2
3436 : 2
3438 : 4
3441 : 2
3442 : 2
3443 : 8
3444 : 2
3445 : 2
3446 : 2
3448 : 2
3450 : 2
3451 : 4
3454 : 2
3456 : 4
3461 : 2
3463 : 2
3465 : 2
3466 : 2
3467 : 2
3468 : 2
3469 : 2
3470 : 2
3473 : 2
3475 : 2
3478 : 4
3479 : 2
3483 : 2
3484 : 4
3487 : 4
3488 : 2
3489 : 2
3495 : 2
3501 : 2
3502 : 1
3503 : 4
3504 : 4
3506 : 2
3508 : 4
3510 : 2
3511 : 4
3512 : 4
3517 : 4
3519 : 4
3520 : 2
3523 : 4
3527 : 2
3534 : 4
3535 : 2
3536 : 2
3537 : 2
3538 : 2
3539 : 2
3540 : 2
3541 : 2
3543 : 2
3544 : 2
3552 : 2
3554 : 4
3557 : 4
3560 : 2
3562 : 4
3563 : 4
3565 : 2
3566 : 2
3568 : 4
3569 : 2
3570 : 6
3571 : 2
3572 : 4
3573 : 4
3577 : 6
3580 : 2
3583 : 2
3584 : 2
3585 : 2
3589 : 2
3590 : 4
3592 : 2
3597 : 2
3598 : 2
3599 : 2
3600 : 2
3601 : 4
3602 : 3
3603 : 2
3611 : 4
3615 : 2
3618 : 2
3619 : 2
3620 : 2
3621 : 2
3622 : 4
3626 : 2
3627 : 6
3628 : 2
3632 : 2
3636 : 2
3637 : 2
3638 : 2
3639 : 4
3640 : 2
3641 : 2
3642 : 2
3643 : 4
3645 : 2
3647 : 2
3651 : 2
3652 : 6
3653 : 2
3656 : 2
3658 : 2
3659 : 4
3660 : 2
3663 : 2
3664 : 2
3665 : 2
3666 : 2
3667 : 2
3668 : 2
3670 : 2
3671 : 2
3677 : 2
3684 : 2
3685 : 4
3686 : 2
3687 : 2
3689 : 2
3691 : 2
3694 : 2
3696 : 4
3697 : 6
3700 : 4
3705 : 4
3710 : 2
3711 : 2
3713 : 4
3714 : 2
3719 : 4
3720 : 2
3721 : 4
3722 : 2
3723 : 2
3726 : 4
3732 : 2
3736 : 4
3737 : 2
3738 : 2
3739 : 2
3741 : 2
3744 : 2
3745 : 2
3746 : 2
3748 : 2
3749 : 2
3750 : 6
3751 : 2
3752 : 2
3753 : 2
3754 : 2
3755 : 2
3758 : 2
3761 : 2
3762 : 2
3763 : 2
3766 : 2
3767 : 4
3768 : 2
3770 : 2
3771 : 2
3772 : 2
3773 : 2
3774 : 2
3777 : 2
3778 : 2
3780 : 2
3781 : 2
3782 : 2
3783 : 2
3786 : 4
3787 : 4
3788 : 2
3789 : 2
3790 : 2
3798 : 4
3800 : 2
3802 : 2
3803 : 2
3804 : 2
3805 : 4
3814 : 2
3815 : 2
3817 : 6
3819 : 6
3822 : 2
3824 : 2
3828 : 4
3830 : 2
3834 : 2
3836 : 2
3838 : 2
3842 : 2
3843 : 2
3844 : 6
3845 : 4
3848 : 2
3851 : 4
3852 : 4
3857 : 4
3860 : 2
3863 : 2
3868 : 2
3871 : 2
3872 : 4
3873 : 2
3874 : 4
3875 : 2
3876 : 4
3877 : 2
3879 : 2
3881 : 2
3882 : 2
3886 : 2
3893 : 2
3894 : 2
3900 : 2
3903 : 2
3904 : 2
3907 : 2
3908 : 4
3909 : 2
3910 : 2
3920 : 4
3921 : 2
3923 : 2
3924 : 2
3926 : 2
3931 : 4
3936 : 3
3941 : 4
3942 : 2
3943 : 2
3944 : 2
3947 : 2
3948 : 2
3952 : 2
3953 : 2
3956 : 2
3960 : 2
3964 : 2
3974 : 4
3975 : 2
3976 : 1
3977 : 2
3978 : 2
3980 : 2
3981 : 2
3985 : 2
3990 : 2
3993 : 2
3995 : 2
4002 : 4
4004 : 1
4007 : 6
4008 : 2
4010 : 2
4011 : 2
4013 : 2
4015 : 2
4017 : 2
4018 : 2
4024 : 2
4030 : 4
4032 : 2
4035 : 2
4037 : 2
4038 : 2
4039 : 2
4040 : 2
4042 : 4
4045 : 4
4046 : 2
4047 : 2
4048 : 2
4053 : 2
4056 : 2
4057 : 2
4061 : 2
4062 : 2
4064 : 4
4065 : 4
4066 : 2
4067 : 2
4069 : 2
4070 : 2
4076 : 2
4080 : 4
4081 : 2
4083 : 2
4084 : 2
4090 : 2
4093 : 2
4094 : 2
4096 : 2
4099 : 2
4101 : 2
4102 : 2
4103 : 2
4106 : 2
4109 : 2
4112 : 2
4114 : 2
4127 : 4
4128 : 2
4130 : 2
4133 : 2
4134 : 4
4141 : 2
4146 : 2
4147 : 2
4149 : 4
4150 : 2
4155 : 2
4158 : 4
4167 : 2
4169 : 6
4170 : 2
4171 : 2
4172 : 2
4173 : 2
4174 : 2
4176 : 2
4177 : 2
4178 : 2
4180 : 1
4182 : 2
4183 : 2
4186 : 2
4188 : 2
4195 : 4
4198 : 2
4200 : 2
4201 : 2
4210 : 2
4212 : 2
4213 : 4
4214 : 3
4217 : 4
4220 : 2
4222 : 2
4227 : 2
4231 : 4
4236 : 2
4243 : 2
4247 : 2
4250 : 2
4251 : 4
4254 : 2
4258 : 2
4261 : 2
4263 : 6
4265 : 2
4266 : 2
4269 : 2
4277 : 2
4284 : 2
4285 : 2
4286 : 2
4293 : 2
4294 : 2
4296 : 2
4298 : 2
4300 : 2
4301 : 2
4303 : 2
4304 : 2
4305 : 2
4320 : 2
4328 : 2
4329 : 2
4330 : 2
4332 : 2
4339 : 2
4340 : 2
4342 : 2
4348 : 2
4352 : 2
4353 : 2
4357 : 2
4360 : 2
4363 : 2
4364 : 2
4376 : 4
4380 : 2
4381 : 2
4383 : 2
4408 : 2
4409 : 4
4414 : 2
4420 : 2
4424 : 2
4426 : 2
4432 : 2
4434 : 2
4436 : 2
4438 : 2
4439 : 2
4440 : 2
4441 : 2
4445 : 2
4447 : 2
4452 : 2
4454 : 2
4465 : 2
4466 : 2
4474 : 4
4481 : 2
4485 : 2
4486 : 2
4488 : 2
4490 : 4
4492 : 2
4495 : 2
4496 : 2
4497 : 2
4498 : 2
4506 : 2
4511 : 2
4513 : 2
4516 : 4
4521 : 2
4524 : 2
4527 : 2
4529 : 2
4532 : 1
4539 : 2
4540 : 2
4541 : 2
4542 : 2
4546 : 1
4555 : 2
4557 : 4
4558 : 2
4560 : 2
4562 : 2
4573 : 2
4579 : 4
4585 : 2
4588 : 1
4602 : 2
4611 : 2
4615 : 4
4619 : 2
4624 : 2
4630 : 4
4631 : 2
4643 : 2
4651 : 2
4656 : 2
4659 : 2
4662 : 4
4663 : 2
4665 : 2
4666 : 2
4669 : 2
4670 : 2
4672 : 2
4677 : 4
4684 : 2
4685 : 2
4701 : 2
4702 : 2
4704 : 2
4712 : 2
4714 : 2
4723 : 2
4725 : 2
4737 : 2
4738 : 2
4749 : 2
4750 : 2
4752 : 2
4753 : 2
4756 : 2
4760 : 1
4764 : 2
4781 : 4
4782 : 2
4783 : 2
4788 : 2
4790 : 2
4791 : 2
4795 : 2
4797 : 2
4801 : 2
4812 : 2
4821 : 4
4822 : 2
4823 : 2
4840 : 4
4845 : 2
4859 : 2
4860 : 2
4882 : 2
4887 : 2
4908 : 2
4919 : 2
4920 : 2
4925 : 2
4931 : 2
4936 : 2
4938 : 2
4940 : 2
4942 : 2
4947 : 2
4950 : 2
4954 : 2
4959 : 2
4962 : 2
4970 : 2
4972 : 2
4974 : 2
4978 : 1
4994 : 2
4996 : 2
5002 : 2
5008 : 2
5024 : 2
5026 : 2
5041 : 2
5051 : 2
5058 : 2
5070 : 2
5074 : 2
5086 : 2
5088 : 2
5093 : 2
5094 : 4
5098 : 2
5112 : 2
5119 : 2
5120 : 2
5126 : 2
5131 : 4
5139 : 2
5147 : 2
5151 : 2
5172 : 2
5177 : 2
5183 : 2
5199 : 2
5200 : 2
5202 : 2
5208 : 2
5212 : 2
5216 : 2
5224 : 2
5226 : 2
5234 : 2
5235 : 2
5236 : 3
5256 : 4
5294 : 2
5295 : 2
5297 : 2
5305 : 2
5309 : 4
5310 : 2
5311 : 2
5333 : 2
5334 : 2
5339 : 2
5354 : 2
5360 : 2
5361 : 2
5371 : 2
5373 : 2
5376 : 1
5379 : 2
5381 : 2
5392 : 4
5397 : 2
5399 : 2
5414 : 2
5416 : 2
5419 : 2
5444 : 2
5456 : 2
5458 : 4
5497 : 2
5505 : 2
5507 : 2
5523 : 2
5528 : 2
5531 : 2
5536 : 2
5540 : 2
5558 : 2
5565 : 2
5572 : 2
5573 : 2
5581 : 2
5613 : 2
5638 : 2
5649 : 2
5651 : 4
5671 : 2
5679 : 2
5683 : 2
5686 : 2
5693 : 4
5705 : 2
5706 : 2
5717 : 2
5718 : 2
5742 : 2
5749 : 2
5769 : 2
5796 : 2
5801 : 2
5811 : 2
5826 : 2
5852 : 2
5856 : 2
5859 : 2
5868 : 2
5888 : 2
5892 : 2
5928 : 2
5935 : 2
5961 : 2
5975 : 2
5976 : 2
5977 : 2
5983 : 2
5984 : 2
6002 : 2
6006 : 2
6019 : 2
6022 : 2
6032 : 2
6038 : 2
6039 : 2
6045 : 2
6049 : 2
6077 : 2
6108 : 2
6122 : 2
6147 : 2
6209 : 2
6217 : 2
6224 : 2
6228 : 2
6258 : 2
6278 : 2
6279 : 2
6296 : 2
6299 : 2
6319 : 2
6338 : 4
6359 : 2
6360 : 2
6377 : 2
6378 : 2
6394 : 2
6397 : 2
6421 : 2
6428 : 2
6437 : 2
6444 : 2
6458 : 2
6467 : 2
6473 : 2
6478 : 2
6514 : 1
6532 : 2
6536 : 2
6552 : 2
6553 : 2
6560 : 2
6596 : 4
6602 : 2
6610 : 2
6632 : 2
6663 : 2
6671 : 2
6704 : 2
6707 : 2
6713 : 2
6729 : 2
6764 : 2
6783 : 2
6792 : 2
6810 : 2
6811 : 2
6812 : 1
6813 : 2
6834 : 2
6852 : 2
6866 : 2
6883 : 2
6884 : 2
6905 : 2
6924 : 2
6938 : 2
6977 : 2
6979 : 2
6990 : 2
7006 : 1
7020 : 1
7073 : 2
7116 : 2
7156 : 2
7165 : 2
7205 : 4
7218 : 2
7228 : 2
7238 : 2
7284 : 2
7289 : 2
7290 : 2
7324 : 2
7376 : 2
7379 : 2
7398 : 2
7418 : 2
7440 : 2
7452 : 2
7454 : 1
7565 : 2
7570 : 2
7594 : 2
7645 : 2
7672 : 2
7689 : 2
7699 : 2
7729 : 2
7788 : 1
7888 : 2
7890 : 2
8020 : 2
8041 : 2
8254 : 2
8306 : 2
8349 : 2
8354 : 2
8371 : 2
8468 : 2
8517 : 2
8532 : 2
8573 : 2
8626 : 2
8656 : 2
8837 : 2
8905 : 2
8917 : 2
8945 : 2
9041 : 2
9083 : 2
9165 : 2
9250 : 2
9372 : 2
9378 : 2
9396 : 4
9488 : 2
9489 : 2
9585 : 2
9590 : 2
9664 : 2
9787 : 2
9800 : 2
10050 : 2
10056 : 2
10207 : 2
10267 : 2
10694 : 2
11006 : 2
11028 : 1
11032 : 2
11444 : 2
11657 : 2
11734 : 2
12149 : 2
13700 : 2
14001 : 2
14387 : 2
14592 : 2
14769 : 2
19398 : 1
29206 : 1
32407 : 2
32508 : 2
3400826 : 1
